<div class="pdfMain" style="margin-bottom:0px;">

	<div class="pdfHeader1">
		<div class="pdfOverflow">
			<div style="float:left; width:300px;">
				<div style="padding-top:48px; width:180px; height:180px; margin-left:72px;">
					<div style="width:180px; height:180px; text-align:center;"><img src="IMAGES/profile.png"></div>
				</div>
			</div>
			<div style="float:left; width:420px; margin-left:50px;">
				<div style="padding-top:78px; padding-left:3px; margin-bottom:0; line-height:20px; float:none; font-size:18pt;  color:#191719">Anna</div>
				<div style="float:none; padding-top:-10px;  font-size:38pt; color:#8A2061; font-weight:normal; letter-spacing:-3px;">Musterfrau</div>
				<div style="float:none; padding-top:2px; padding-right:20px; font-size:10.5pt; color:#F0E3EB; font-weight:normal;">Erfahrene Betreuerin.</div>
			</div>
		</div>
	</div>

	<div class="pdfOverflow">
		<div class="pdfLeftBlock1Overflow">

			<div class="pdfLeftBlock1 pt5">

	<div class="pdfOverflow">
		<div class="pdfBlock1Box1">&nbsp;</div>
		<div class="pdfBlock1Box2">
			<div class="pdfBlock1Box2Text1">DE-1</div>
			<div class="pdfBlock1Box2Text2">12. 04. 1985</div>
		</div>
	</div>

	<div class="pdfOverflow pt10">
		<div class="pdfBlock1Box1">
			<div class="pdfBlock1Icon"><img src="IMAGES/ikona-dom.png" class="pdfBlock1Icon"></div>
		</div>
		<div class="pdfBlock1Box2">
			<div class="pdfBlock1Box2Text1">DE-2</div>
			<div class="pdfBlock1Box2Text2">Bratislava</div>
			<div class="pdfBlock1Box2Text2">Hlavna 1</div>
				<div class="pdfBlock1Box2Text2">Slowakei</div>
		</div>
	</div>

		<div class="pdfOverflow pt10">
			<div class="pdfBlock1Box1">
				<div class="pdfBlock1Icon"><img src="IMAGES/ikona-mobil.png" class="pdfBlock1Icon"></div>
			</div>
			<div class="pdfBlock1Box2">
				<div class="pdfBlock1Box2Text1">DE-3</div>
					<div class="pdfBlock1Box2Text2">+421900000000</div>
					<div class="pdfBlock1Box2Text2" style="font-family: Bahnschrift Condensed;">+421911111111</div>
			</div>
		</div>

		<div class="pdfOverflow pt10">
			<div class="pdfBlock1Box1">
				<div><img src="IMAGES/ikona-mail.png" class="pdfBlock1Icon" style="margin-top:-5px;"></div>
			</div>
			<div class="pdfBlock1Box2">
				<div class="pdfBlock1Box2Text1">DE-4</div>
					<div class="pdfBlock1Box2Text2">anna@example.test</div>
			</div>
		</div>

	<div class="pdfOverflow pt10">
		<div class="pdfBlock1Box1">
			<div><img src="IMAGES/ikona-narodnost.png" class="pdfBlock1Icon"></div>
		</div>
		<div class="pdfBlock1Box2">
			<div class="pdfBlock1Box2Text1">DE-5</div>
				<div class="pdfBlock1Box2Text2">Slowakei</div>
		</div>
	</div>

	<div class="pdfOverflow pt10">
		<div class="pdfBlock1Box1">
			<div><img src="IMAGES/ikona-vyska.png" class="pdfBlock1Icon"></div>
		</div>
		<div class="pdfBlock1Box2">
			<div class="pdfBlock1Box2Text1">DE-6</div>
			<div class="pdfBlock1Box2Text2">
				168 cm
				 / 64 kg
			</div>
		</div>
	</div>

	<div class="pdfOverflow pt10">
		<div class="pdfBlock1Box1">
			<div><img src="IMAGES/ikona-fajcenie.png" class="pdfBlock1Icon"></div>
		</div>
		<div class="pdfBlock1Box2">
			<div class="pdfBlock1Box2Text1">DE-7</div>
			<div class="pdfBlock1Box2Text2">Nichtraucher</div>
		</div>
	</div>

	<div class="pdfOverflow pt10">
		<div class="pdfBlock1Box1">
			<div><img src="IMAGES/ikona-alergie.png" class="pdfBlock1Icon"></div>
		</div>
		<div class="pdfBlock1Box2">
			<div class="pdfBlock1Box2Text1">DE-8</div>
			<div class="pdfBlock1Box2Text2">
				Pollen
			</div>
		</div>
	</div>
			</div>

			<div class="pdfLeftBlock2">
	<div class="pdfOverflow pt5">
		<div class="pdfBlock1Box1" style="height:20px;">&nbsp;</div>
		<div class="pdfBlock1Box2" style="height:20px;">
			<div class="pdfBlock1Box2Text1">DE-9</div>
		</div>
	</div>

	<div class="pdfOverflow">
		<div class="pdfBlock1Box1">
			<div><img src="IMAGES/ikona-jazyk.png" class="pdfBlock1Icon"></div>
		</div>
		<div class="pdfBlock1Box2">
			<div class="pdfBlock1Box2Text1">
				<img src="IMAGES/star.png" style="width:25px; float:left; margin-left:2px;">				<img src="IMAGES/star.png" style="width:25px; float:left; margin-left:2px;">				<img src="IMAGES/star.png" style="width:25px; float:left; margin-left:2px;">				<img src="IMAGES/star.png" style="width:25px; float:left; margin-left:2px;">
				<img src="IMAGES/star-empty.png" style="width:25px; float:left; margin-left:2px;">				<img src="IMAGES/star-empty.png" style="width:25px; float:left; margin-left:2px;">
			</div>
			<div class="pdfBlock1Box2Text3">Gut</div>
		</div>
	</div>

	<div class="pdfOverflow pt10" style="padding-bottom:10px;">
		<div class="pdfBlock1Box1"></div>
		<div class="pdfBlock1Box2">
			<div class="pdfBlock1Box2Text1">DE-11</div>
			<div class="pdfBlock1Box2Text2">Englisch A2</div>
		</div>
	</div>
			</div>
		</div>

		<div style="float:right; width:500px; height:800px;  margin-right:20px; font-family: Roboto;">
	<div style="text-align:right; width:500px; float:right;">
			<div style="float:right; width:290px; line-height:50px; color:#8a2061; font-size:24px; letter-spacing:-1px;">DE-12</div><div><img src="IMAGES/ikona-vzdelanie1.png" style="width:50px; font-weight:bold;"></div>
	</div>
	<div class="pdfOverflowMain pt10">
		<div class="pdfBlock1Box3">
			<div><img alt="icon" src="IMAGES/ikona-vzdelanie.png" class="pdfBlock1Icon"></div>
		</div>
		<div class="pdfBlock1Box4">
			<div class="pdfBlock1Box2Text5">DE-13</div>
			<div class="pdfBlock1Box2Text4">Mittelschule</div>
		</div>
	</div>
	<div class="pdfOverflowMain pt10">
		<div class="pdfBlock1Box3">
			<div><img alt="icon" src="IMAGES/ikona-certifikat.png" class="pdfBlock1Icon"></div>
		</div>
		<div class="pdfBlock1Box4">
			<div class="pdfBlock1Box2Text5">DE-14</div>
			<div class="pdfBlock1Box2Text4">Pflegekurs 2020</div>
		</div>
	</div>
	<div class="pdfOverflowMain pt10">
		<div class="pdfBlock1Box3">
			<div><img alt="icon" src="IMAGES/ikona-auto.png" class="pdfBlock1Icon"></div>
		</div>
		<div class="pdfBlock1Box5">
			<div class="pdfBlock1Box2Text5">DE-15</div>
			<div class="pdfBlock1Box2Text6">Klasse B</div>
		</div>
		<div class="pdfBlock1Box5">
			<div class="pdfBlock1Box2Text5">DE-16</div>
			<div class="pdfBlock1Box2Text6">Ja</div>
		</div>
	</div>
	<div class="pdfOverflowMain pt10">
		<div class="pdfBlock1Box3">
			<div><img alt="icon" src="IMAGES/ikona-opatrovatelka.png" class="pdfBlock1Icon"></div>
		</div>
		<div class="pdfBlock1Box5">
			<div class="pdfBlock1Box2Text5">DE-17</div>
			<div class="pdfBlock1Box2Text6">5 Jahre</div>
		</div>
		<div class="pdfBlock1Box5">
			<div class="pdfBlock1Box2Text5">DE-18</div>
			<div class="pdfBlock1Box2Text6">2 Jahre in DE</div>
		</div>
	</div>
	<div style="text-align:right; width:500px; float:right;">
			<div style="float:right; width:420px; line-height:50px; color:#8a2061; font-size:24px; letter-spacing:-1px;">DE-19</div><div><img src="IMAGES/ikona-skusnosti-choroby.png" style="width:50px; font-weight:bold;"></div>
	</div>
	<div class="pdfBlockDisease">
				<div class="pdfBlock1Box5 pdfBlockText8"><img src="IMAGES/ikona-check.png" style="height:20px; margin-right:3px; vertical-align:text-bottom;">Demenz</div>
				<div class="pdfBlock1Box5 pdfBlockText7">Diabetes</div>
	</div>
		</div>
	</div>

	<pagebreak></pagebreak>

	<div class="pdfHeader2">
		<div class="pdfOverflow">
			<div style="float:left; width:300px;">
				<div style="padding-top:48px; width:180px; height:180px; margin-left:72px;"></div>
			</div>
			<div style="float:left; width:420px; margin-left:50px;">
				<div style="padding-top:78px; padding-left:3px; margin-bottom:0; line-height:20px; float:none; font-size:18pt;  color:#191719">Anna</div>
				<div style="float:none; padding-top:-10px;  font-size:38pt; color:#8A2061; font-weight:normal; letter-spacing:-3px;">Musterfrau</div>
				<div style="float:none; padding-top:2px; padding-right:20px; font-size:11pt; color:#F0E3EB; font-weight:normal;">Erfahrene Betreuerin.</div>
			</div>
		</div>
	</div>

	<div class="pdfOverflow">
		<div class="pdfLeftBlock1Overflow">

			<div class="pdfLeftBlock1 pt5">

	<div class="pdfOverflow">
		<div class="pdfBlock1Box1">&nbsp;</div>
		<div class="pdfBlock1Box2">
			<div class="pdfBlock1Box2Text1">DE-1</div>
			<div class="pdfBlock1Box2Text2">12. 04. 1985</div>
		</div>
	</div>

	<div class="pdfOverflow pt10">
		<div class="pdfBlock1Box1">
			<div class="pdfBlock1Icon"><img src="IMAGES/ikona-dom.png" class="pdfBlock1Icon"></div>
		</div>
		<div class="pdfBlock1Box2">
			<div class="pdfBlock1Box2Text1">DE-2</div>
			<div class="pdfBlock1Box2Text2">Bratislava</div>
			<div class="pdfBlock1Box2Text2">Hlavna 1</div>
				<div class="pdfBlock1Box2Text2">Slowakei</div>
		</div>
	</div>

		<div class="pdfOverflow pt10">
			<div class="pdfBlock1Box1">
				<div class="pdfBlock1Icon"><img src="IMAGES/ikona-mobil.png" class="pdfBlock1Icon"></div>
			</div>
			<div class="pdfBlock1Box2">
				<div class="pdfBlock1Box2Text1">DE-3</div>
					<div class="pdfBlock1Box2Text2">+421900000000</div>
					<div class="pdfBlock1Box2Text2" style="font-family: Bahnschrift Condensed;">+421911111111</div>
			</div>
		</div>

		<div class="pdfOverflow pt10">
			<div class="pdfBlock1Box1">
				<div><img src="IMAGES/ikona-mail.png" class="pdfBlock1Icon" style="margin-top:-5px;"></div>
			</div>
			<div class="pdfBlock1Box2">
				<div class="pdfBlock1Box2Text1">DE-4</div>
					<div class="pdfBlock1Box2Text2">anna@example.test</div>
			</div>
		</div>

	<div class="pdfOverflow pt10">
		<div class="pdfBlock1Box1">
			<div><img src="IMAGES/ikona-narodnost.png" class="pdfBlock1Icon"></div>
		</div>
		<div class="pdfBlock1Box2">
			<div class="pdfBlock1Box2Text1">DE-5</div>
				<div class="pdfBlock1Box2Text2">Slowakei</div>
		</div>
	</div>

	<div class="pdfOverflow pt10">
		<div class="pdfBlock1Box1">
			<div><img src="IMAGES/ikona-vyska.png" class="pdfBlock1Icon"></div>
		</div>
		<div class="pdfBlock1Box2">
			<div class="pdfBlock1Box2Text1">DE-6</div>
			<div class="pdfBlock1Box2Text2">
				168 cm
				 / 64 kg
			</div>
		</div>
	</div>

	<div class="pdfOverflow pt10">
		<div class="pdfBlock1Box1">
			<div><img src="IMAGES/ikona-fajcenie.png" class="pdfBlock1Icon"></div>
		</div>
		<div class="pdfBlock1Box2">
			<div class="pdfBlock1Box2Text1">DE-7</div>
			<div class="pdfBlock1Box2Text2">Nichtraucher</div>
		</div>
	</div>

	<div class="pdfOverflow pt10">
		<div class="pdfBlock1Box1">
			<div><img src="IMAGES/ikona-alergie.png" class="pdfBlock1Icon"></div>
		</div>
		<div class="pdfBlock1Box2">
			<div class="pdfBlock1Box2Text1">DE-8</div>
			<div class="pdfBlock1Box2Text2">
				Pollen
			</div>
		</div>
	</div>
			</div>

			<div class="pdfLeftBlock2">
	<div class="pdfOverflow pt5">
		<div class="pdfBlock1Box1" style="height:20px;">&nbsp;</div>
		<div class="pdfBlock1Box2" style="height:20px;">
			<div class="pdfBlock1Box2Text1">DE-9</div>
		</div>
	</div>

	<div class="pdfOverflow">
		<div class="pdfBlock1Box1">
			<div><img src="IMAGES/ikona-jazyk.png" class="pdfBlock1Icon"></div>
		</div>
		<div class="pdfBlock1Box2">
			<div class="pdfBlock1Box2Text1">
				<img src="IMAGES/star.png" style="width:25px; float:left; margin-left:2px;">				<img src="IMAGES/star.png" style="width:25px; float:left; margin-left:2px;">				<img src="IMAGES/star.png" style="width:25px; float:left; margin-left:2px;">				<img src="IMAGES/star.png" style="width:25px; float:left; margin-left:2px;">
				<img src="IMAGES/star-empty.png" style="width:25px; float:left; margin-left:2px;">				<img src="IMAGES/star-empty.png" style="width:25px; float:left; margin-left:2px;">
			</div>
			<div class="pdfBlock1Box2Text3">Gut</div>
		</div>
	</div>

	<div class="pdfOverflow pt10" style="padding-bottom:10px;">
		<div class="pdfBlock1Box1"></div>
		<div class="pdfBlock1Box2">
			<div class="pdfBlock1Box2Text1">DE-11</div>
			<div class="pdfBlock1Box2Text2">Englisch A2</div>
		</div>
	</div>
			</div>
		</div>

		<div style="float:right; width:500px; height:600px;  margin-right:20px; font-family: Roboto;">
			<div style="height:600px;">
	<div style="text-align:right; width:500px; float:right;">
			<div style="float:right; width:420px; line-height:50px; color:#8a2061; font-size:24px; letter-spacing:-1px;">DE-20</div>
	</div>
	<div class="pdfOverflowMain pt10">
		<div class="pdfBlock1Box3">
			<div><img alt="icon" src="IMAGES/ikona-24hod-starostlivost.png" class="pdfBlock1Icon"></div>
		</div>
		<div class="pdfBlock1Box5">
			<div class="pdfBlock1Box2Text5">DE-22</div>
			<div class="pdfBlock1Box2Text6">Ja</div>
		</div>
		<div class="pdfBlock1Box5">
			<div class="pdfBlock1Box2Text5"></div>
			<div class="pdfBlock1Box2Text6"></div>
		</div>
	</div>
	<div class="pdfOverflowMain pt10">
		<div class="pdfBlock1Box3">
			<div><img alt="icon" src="IMAGES/ikona-hodinova-starostlivost.png" class="pdfBlock1Icon"></div>
		</div>
		<div class="pdfBlock1Box5">
			<div class="pdfBlock1Box2Text5">DE-23</div>
			<div class="pdfBlock1Box2Text6">Nein</div>
		</div>
		<div class="pdfBlock1Box5">
			<div class="pdfBlock1Box2Text5">DE-24</div>
			<div class="pdfBlock1Box2Text6">6 Wochen</div>
		</div>
	</div>
	<div class="pdfOverflowMain pt10">
		<div class="pdfBlock1Box3">
			<div><img alt="icon" src="IMAGES/ikona-miesto-vykonu-prace.png" class="pdfBlock1Icon"></div>
		</div>
		<div class="pdfBlock1Box4">
			<div class="pdfBlock1Box2Text5">DE-25</div>
			<div class="pdfBlock1Box2Text4">Haushalt</div>
		</div>
	</div>
	<div class="pdfOverflowMain pt10">
		<div class="pdfBlock1Box3">
			<div><img alt="icon" src="IMAGES/ikona-cinnosti-pri-poskytovanej-osobe.png" class="pdfBlock1Icon"></div>
		</div>
		<div class="pdfBlock1Box4">
			<div class="pdfBlock1Box2Text5">DE-26</div>
			<div class="pdfBlock1Box2Text4">Grundpflege und Haushalt.</div>
		</div>
	</div>
	<div class="pdfOverflowMain pt10">
		<div class="pdfBlock1Box3">
			<div><img alt="icon" src="IMAGES/ikona-vseobecne-cinnosti.png" class="pdfBlock1Icon"></div>
		</div>
		<div class="pdfBlock1Box4">
			<div class="pdfBlock1Box2Text5">DE-27</div>
			<div class="pdfBlock1Box2Text4">Kochen, Einkaufen.</div>
		</div>
	</div>
			</div>
		</div>

		<div style="margin-top:15px; margin-left:20px; height:200px; float:right; background:#e6e7e8; border-radius:20px 0 0 20px; width:500px;">
	<div class="pdfOverflowMain pt10">
		<div class="pdfBlock1Box3" style="width:70px;">
			<div><img alt="icon" src="IMAGES/ikona-hodnotenie-agentury.png" class="pdfBlock1Icon"></div>
		</div>
		<div class="pdfBlock1Box4" style="margin:left:20px;">
			<div style="line-height:30px; color:#8a2061; font-size:24px; letter-spacing:-1px;">DE-28</div>
			<div class=""><img src="IMAGES/hodnotenie-5x5.png" style="height:60px; margin-top:-10px;"></div>
			<div class="pdfBlock1Box2Text4">Sehr zuverlaessig.</div>
		</div>
	</div>
		</div>
	</div>
</div>
